$ cd /workspace/data-analytics-projects && find . -name "*.py" -exec grep -l "sklearn" {} \;
./05-sentiment-analysis-reviews/src/sentiment_analysis_pipeline.py
./06-real-estate-price-prediction/src/real_estate_pipeline.py
$ cd /workspace/data-analytics-projects/07-market-basket-analysis && python src/market_basket_fixed.py

ğŸš€ Starting Market Basket Analysis...
âœ… Generated 50,000 transactions
   - Unique products: 32
   - Average items per transaction: 3.48
ğŸ”„ Finding frequent itemsets...
âœ… Found 97 frequent itemsets
ğŸ”„ Generating association rules...
âœ… Generated 1 association rules

âœ… Market Basket Analysis Complete!
ğŸ“ Results saved:
   - results/transaction_data.csv
   - results/association_rules.csv
$ cd /workspace/data-analytics-projects/09-customer-retention-cohort && python src/cohort_fixed.py

$ cd /workspace/data-analytics-projects/10-dynamic-pricing-optimization && python src/pricing_optimization_pipeline.py

ğŸš€ Starting Dynamic Pricing Optimization Analysis...
âœ… Generated 18,250 pricing records
   - Products: 50
   - Days: 365
   - Categories: 5
   - Total revenue: $287,083,801.47
   - Average price: $157.61
ğŸ”„ Analyzing price elasticity...
âœ… Elasticity analysis complete for 50 products
   - Average price elasticity: -1.07
ğŸ”„ Optimizing pricing strategies...
âœ… Pricing strategies developed for 5 categories

âœ… Pricing Optimization Analysis Complete!
ğŸ“ Results saved:
   - results/pricing_optimization_dashboard.html
   - results/pricing_sales_data.csv
   - results/price_elasticity_analysis.csv
   - results/pricing_strategies.csv
   - results/pricing_recommendations.json
   - results/pricing_optimization_summary.json

ğŸ“Š Key Results:
   - Products Analyzed: 50
   - Revenue Impact Potential: $5,714
   - Average Price Elasticity: -1.07
   - Pricing Strategies: 5
$ cd /workspace/data-analytics-projects/11-hospital-readmission && python src/healthcare_analytics.py

$ cd /workspace/data-analytics-projects/12-marketing-attribution && python src/marketing_analytics.py

ğŸš€ Starting Marketing Attribution Analysis...
âœ… Generated marketing data:
   - Campaigns: 200
   - Customer journeys: 104814
   - Total marketing spend: $6,151,852.11
   - Total revenue: $24,588,964.03
ğŸ”„ Calculating attribution models...
âœ… Attribution models calculated!
ğŸ”„ Calculating campaign ROI...
âœ… ROI analysis complete!

âœ… Marketing Attribution Analysis Complete!
ğŸ“ Results saved:
   - results/campaign_data.csv
   - results/customer_journey_data.csv
   - results/campaign_roi_analysis.csv
   - results/attribution_results.json
$ cd /workspace/data-analytics-projects/13-sales-funnel-optimization && python src/funnel_analytics.py

ğŸš€ Starting Sales Funnel Analysis...
âœ… Generated 235,418 funnel events for 100,000 users
   - Stages: 6
   - Date range: 2023-01-01 00:00:00 to 2023-12-31 00:00:00
ğŸ”„ Analyzing funnel performance...
âœ… Funnel analysis complete!
   - Overall conversion rate: 15.90%
   - Biggest drop-off: Add to Cart
ğŸ”„ Identifying optimization opportunities...
âœ… Optimization analysis complete!

âœ… Sales Funnel Analysis Complete!
ğŸ“ Results saved:
   - results/funnel_data.csv
   - results/funnel_summary.csv
   - results/optimization_opportunities.csv
   - results/segment_analysis.json
$ cd /workspace/data-analytics-projects/14-kpi-monitoring && python src/kpi_analytics.py

ğŸš€ Starting KPI Monitoring & Root Cause Analysis...
âœ… Generated 4,380 KPI data points
   - KPIs monitored: 12
   - Date range: 2023-01-01 00:00:00 to 2023-12-31 00:00:00
   - Anomalies injected: 236
ğŸ”„ Detecting anomalies...
âœ… Anomaly detection complete!
   - Anomalies detected: 0
   - Detection accuracy: 0.0%
ğŸ”„ Performing root cause analysis...
âœ… Root cause analysis complete!
Traceback (most recent call last):
  File "/workspace/data-analytics-projects/14-kpi-monitoring/src/kpi_analytics.py", line 269, in <module>
    results = kpi_system.run_complete_analysis()
  File "/workspace/data-analytics-projects/14-kpi-monitoring/src/kpi_analytics.py", line 245, in run_complete_analysis
    'high_severity_anomalies': len(self.detected_anomalies[self.detected_anomalies['severity'] == 'High']),
  File "/opt/conda/envs/mgx-chat/lib/python3.10/site-packages/pandas/core/frame.py", line 4107, in __getitem__
    indexer = self.columns.get_loc(key)
  File "/opt/conda/envs/mgx-chat/lib/python3.10/site-packages/pandas/core/indexes/range.py", line 417, in get_loc
    raise KeyError(key)
KeyError: 'severity'
$ cd /workspace/data-analytics-projects && python project_summary.py

ğŸ¯ DATA ANALYTICS PORTFOLIO SUMMARY
==================================================
ğŸ“Š Projects Completed: 12/20 (60.0%)
ğŸ”§ Projects Implemented: 2/20
ğŸ“ˆ Overall Progress: 70.0%

âœ… COMPLETED PROJECTS:
    1. E-commerce Customer CLV Analysis
    2. Credit Card Fraud Detection
    3. Employee Attrition Prediction
    4. Sales Forecasting & Demand Planning
    5. Customer Review Sentiment Analysis
    7. Market Basket Analysis
    8. A/B Testing Analysis
    9. Customer Retention & Cohort Analysis
   11. Hospital Patient Readmission Prediction
   12. Marketing Campaign ROI & Attribution
   13. Sales Funnel & Conversion Optimization
   14. KPI Root Cause Analysis & Monitoring

ğŸ”§ IMPLEMENTED (with minor issues):
    6. Real Estate Price Prediction
   10. Dynamic Pricing Optimization

ğŸ“ Results saved to: portfolio_summary/
$ cd /workspace/shadcn-ui && pnpm i

Lockfile is up to date, resolution step is skipped
Packages: +427
++++++++++++++++++++++++++++++++++++++++++++++++++++++++++++++++++++++++++++++++
.../node_modules/@swc/core postinstall$ node postinstall.js
.../node_modules/@swc/core postinstall: Done
.../esbuild@0.21.5/node_modules/esbuild postinstall$ node install.js
.../esbuild@0.25.8/node_modules/esbuild postinstall$ node install.js
.../esbuild@0.21.5/node_modules/esbuild postinstall: Done
.../esbuild@0.25.8/node_modules/esbuild postinstall: Done

Done in 2.1s
$ cd /workspace/shadcn-ui && pnpm run build


> shadcnui@ build /workspace/shadcn-ui
> vite build

vite v5.4.19 building for production...
transforming...
âœ“ 1672 modules transformed.
rendering chunks...
computing gzip size...
dist/index.html                   1.11 kB â”‚ gzip:   0.53 kB
dist/assets/index-CLXjg3vT.css   74.73 kB â”‚ gzip:  12.79 kB
dist/assets/index-DecN-6r-.js   375.05 kB â”‚ gzip: 116.63 kB
âœ“ built in 5.97s
$ cd /workspace/shadcn-ui && pnpm run dev &

$ cd /workspace/data-analytics-projects/15-geospatial-retail && python src/geospatial_analytics.py


> shadcnui@ dev /workspace/shadcn-ui
> vite

Port 5173 is in use, trying another one...

  VITE v5.4.19  ready in 503 ms

  âœ  Local:   http://localhost:5174/
  âœ  Network: use --host to expose
ğŸš€ Starting Geospatial Retail Site Selection Analysis...
âœ… Generated 500 location records
   - Cities covered: 5
   - Average location score: 4.37
   - Average median income: $66,149
ğŸ”„ Analyzing site potential...
âœ… Site potential analysis complete!
ğŸ”„ Generating site recommendations...
âœ… Generated 10 site recommendations

âœ… Geospatial Retail Analysis Complete!
ğŸ“ Results saved:
   - results/location_analysis.csv
   - results/site_recommendations.csv
   - results/geospatial_analysis.json
$ cd /workspace/data-analytics-projects/16-gaming-analytics && python src/gaming_analytics.py

ğŸš€ Starting Gaming Platform Analytics...
Traceback (most recent call last):
  File "/workspace/data-analytics-projects/16-gaming-analytics/src/gaming_analytics.py", line 317, in <module>
    results = gaming_system.run_complete_analysis()
  File "/workspace/data-analytics-projects/16-gaming-analytics/src/gaming_analytics.py", line 279, in run_complete_analysis
    self.generate_gaming_data()
  File "/workspace/data-analytics-projects/16-gaming-analytics/src/gaming_analytics.py", line 85, in generate_gaming_data
    days_since_last_login = np.random.randint(8, days_since_registration + 1)
  File "numpy/random/mtrand.pyx", line 798, in numpy.random.mtrand.RandomState.randint
  File "numpy/random/_bounded_integers.pyx", line 1334, in numpy.random._bounded_integers._rand_int64
ValueError: low >= high
$ cd /workspace/data-analytics-projects && python project_summary.py

ğŸ¯ DATA ANALYTICS PORTFOLIO SUMMARY
==================================================
ğŸ“Š Projects Completed: 12/20 (60.0%)
ğŸ”§ Projects Implemented: 2/20
ğŸ“ˆ Overall Progress: 70.0%

âœ… COMPLETED PROJECTS:
    1. E-commerce Customer CLV Analysis
    2. Credit Card Fraud Detection
    3. Employee Attrition Prediction
    4. Sales Forecasting & Demand Planning
    5. Customer Review Sentiment Analysis
    7. Market Basket Analysis
    8. A/B Testing Analysis
    9. Customer Retention & Cohort Analysis
   11. Hospital Patient Readmission Prediction
   12. Marketing Campaign ROI & Attribution
   13. Sales Funnel & Conversion Optimization
   14. KPI Root Cause Analysis & Monitoring

ğŸ”§ IMPLEMENTED (with minor issues):
    6. Real Estate Price Prediction
   10. Dynamic Pricing Optimization

ğŸ“ Results saved to: portfolio_summary/
